// Jest Snapshot v1, https://goo.gl/fbAQLP

exports[`<NumberInput> should render correctly to match snapshot 1`] = `
<div
  className="TextFieldStyle__TextFieldContainer-sc-5sd02x-2 dIeDvL aries-textfield"
>
  <input
    aria-label="Number"
    className="TextFieldStyle__TextFieldInput-sc-5sd02x-4 eOVSMW"
    onKeyDown={[Function]}
    type="number"
  />
  <label
    className="TextFieldStyle__TextFieldLabel-sc-5sd02x-3 eIevZv textfield-label"
    data-testid="textfield-label"
  >
    Number
  </label>
</div>
`;
