// Jest Snapshot v1, https://goo.gl/fbAQLP

exports[`<SearchFilter> should render with an input with a button, and a list with an item 1`] = `
<div
  aria-expanded={false}
  aria-label="Search jobs, location, or company"
  className="SearchFilterStyle__SearchFilterContainer-sc-18veyec-0 eszPeH aries-searchfilter"
  role="search"
>
  <div
    className="SearchFilterStyle__SearchFilterBar-sc-18veyec-1 bCYIQl searchfilter-inputwrapper"
  >
    <input
      onChange={[MockFunction]}
      onFocus={[Function]}
      placeholder="Search jobs, location, or company"
      type="text"
    />
    <div
      className="ButtonStyle__SolidBtnContainer-jyb3o2-2 fqPreK aries-solid-btn SearchFilterStyle__SearchFilterButton-sc-18veyec-2 kzjeOp"
      disabled={false}
    >
      <button
        className="ButtonStyle__Button-jyb3o2-0 ButtonStyle__SolidBtn-jyb3o2-1 ghseIh solid-btn-content"
        disabled={false}
      >
        Search
      </button>
    </div>
  </div>
  <div
    aria-hidden={true}
    className="SearchFilterStyle__SearchFilterBodyWrapper-sc-18veyec-3 fldege searchfilter-content"
    open={false}
    role="menuitem"
  >
    <div
      className="SearchFilterStyle__SearchFilterListWrapper-sc-18veyec-5 tNfdl searchfilter-listitem"
      role="list"
    >
      <label>
        Title
      </label>
      <ul>
        <li
          className="SearchFilterStyle__SearchFilterItemWrapper-sc-18veyec-6 hdXClk"
          onClick={[Function]}
          role="listitem"
        >
          Item
        </li>
      </ul>
    </div>
  </div>
</div>
`;
